// Jest Snapshot v1, https://goo.gl/fbAQLP

exports[`Container component Should render loading component correctly 1`] = `
<Modal
  hardwareAccelerated={false}
  overFullScreen={true}
  transparent={true}
  visible={true}
>
  <ActivityIndicator
    animating={true}
    color="#F4AB34"
    hidesWhenStopped={true}
    size="large"
    style={
      Array [
        Object {
          "flex": 1,
          "justifyContent": "center",
        },
      ]
    }
  />
</Modal>
`;
